--- Executing CreateWithIssuesAsync at 29/06/2026 15:34:58 ---
Input Serial Numbers: CC20260629002
Input Issue Numbers: 
Inserted Serial Number: CC20260629002 with generated ID: 8
Issue count to search: 0
Resolved Issue IDs count: 0
Transaction committed.
Connection closed.
--- Executing CreateWithIssuesAsync at 29/06/2026 15:36:34 ---
Input Serial Numbers: CC20260629001
Input Issue Numbers: ISS-00030, ISS-00027, ISS-00024
Inserted Serial Number: CC20260629001 with generated ID: 9
Issue count to search: 3
Added issue param: @issueNo0 = 'ISS-00030'
Added issue param: @issueNo1 = 'ISS-00027'
Added issue param: @issueNo2 = 'ISS-00024'
Executing query: SELECT id FROM issues WHERE number IN (@issueNo0, @issueNo1, @issueNo2)
Found Issue ID in DB: 4
Found Issue ID in DB: 1
Resolved Issue IDs count: 2
Linked Serial Number ID: 9 with Issue ID: 4
Linked Serial Number ID: 9 with Issue ID: 1
Transaction committed.
Connection closed.
--- Executing CreateWithIssuesAsync at 29/06/2026 15:39:56 ---
Input Serial Numbers: CC20260629001
Input Issue Numbers: STI-00001, STI-00002, STI-00003
Inserted Serial Number: CC20260629001 with generated ID: 10
Issue count to search: 3
Added issue param: @issueNo0 = 'STI-00001'
Added issue param: @issueNo1 = 'STI-00002'
Added issue param: @issueNo2 = 'STI-00003'
Executing query: SELECT id FROM issues WHERE number IN (@issueNo0, @issueNo1, @issueNo2)
Resolved Issue IDs count: 0
Transaction committed.
Connection closed.
--- Executing CreateWithIssuesAsync at 29/06/2026 15:41:08 ---
Input Serial Numbers: CC20260629001
Input Issue Numbers: ISS-00001, ISS-00002, ISS-00003
Inserted Serial Number: CC20260629001 with generated ID: 11
Issue count to search: 3
Added issue param: @issueNo0 = 'ISS-00001'
Added issue param: @issueNo1 = 'ISS-00002'
Added issue param: @issueNo2 = 'ISS-00003'
Executing query: SELECT id FROM issues WHERE number IN (@issueNo0, @issueNo1, @issueNo2)
Found Issue ID in DB: 30
Found Issue ID in DB: 29
Found Issue ID in DB: 28
Resolved Issue IDs count: 3
Linked Serial Number ID: 11 with Issue ID: 30
Linked Serial Number ID: 11 with Issue ID: 29
Linked Serial Number ID: 11 with Issue ID: 28
Transaction committed.
Connection closed.
--- Executing CreateWithIssuesAsync at 29/06/2026 15:55:56 ---
Input Serial Numbers: CC20260629002
Input Issue Numbers: ISS-00001, ISS-00002, ISS-00003
Inserted Serial Number: CC20260629002 with generated ID: 12
Issue count to search: 3
Added issue param: @issueNo0 = 'ISS-00001'
Added issue param: @issueNo1 = 'ISS-00002'
Added issue param: @issueNo2 = 'ISS-00003'
Executing query: SELECT id FROM issues WHERE number IN (@issueNo0, @issueNo1, @issueNo2)
Found Issue ID in DB: 30
Found Issue ID in DB: 29
Found Issue ID in DB: 28
Resolved Issue IDs count: 3
Linked Serial Number ID: 12 with Issue ID: 30
Linked Serial Number ID: 12 with Issue ID: 29
Linked Serial Number ID: 12 with Issue ID: 28
Transaction committed.
Connection closed.
--- Executing CreateWithIssuesAsync at 29/06/2026 15:56:47 ---
Input Serial Numbers: CC20260629003
Input Issue Numbers: ISS-00001, ISS-00002, ISS-00003
Inserted Serial Number: CC20260629003 with generated ID: 13
Issue count to search: 3
Added issue param: @issueNo0 = 'ISS-00001'
Added issue param: @issueNo1 = 'ISS-00002'
Added issue param: @issueNo2 = 'ISS-00003'
Executing query: SELECT id FROM issues WHERE number IN (@issueNo0, @issueNo1, @issueNo2)
Found Issue ID in DB: 30
Found Issue ID in DB: 29
Found Issue ID in DB: 28
Resolved Issue IDs count: 3
Linked Serial Number ID: 13 with Issue ID: 30
Linked Serial Number ID: 13 with Issue ID: 29
Linked Serial Number ID: 13 with Issue ID: 28
Transaction committed.
Connection closed.
--- Executing CreateWithIssuesAsync at 29/06/2026 16:01:33 ---
Input Serial Numbers: CC20260629001
Input Issue Numbers: ISS-00001, ISS-00002, ISS-00003
Inserted Serial Number: CC20260629001 with generated ID: 14
Issue count to search: 3
Added issue param: @issueNo0 = 'ISS-00001'
Added issue param: @issueNo1 = 'ISS-00002'
Added issue param: @issueNo2 = 'ISS-00003'
Executing query: SELECT id FROM issues WHERE number IN (@issueNo0, @issueNo1, @issueNo2)
Found Issue ID in DB: 30
Found Issue ID in DB: 29
Found Issue ID in DB: 28
Resolved Issue IDs count: 3
Linked Serial Number ID: 14 with Issue ID: 30
Linked Serial Number ID: 14 with Issue ID: 29
Linked Serial Number ID: 14 with Issue ID: 28
Transaction committed.
Connection closed.
--- Executing CreateWithIssuesAsync at 29/06/2026 16:06:58 ---
Input Serial Numbers: CC20260629002
Input Issue Numbers: ISS-00001, ISS-00002, ISS-00003
Inserted Serial Number: CC20260629002 with generated ID: 15
Issue count to search: 3
Added issue param: @issueNo0 = 'ISS-00001'
Added issue param: @issueNo1 = 'ISS-00002'
Added issue param: @issueNo2 = 'ISS-00003'
Executing query: SELECT id FROM issues WHERE number IN (@issueNo0, @issueNo1, @issueNo2)
Found Issue ID in DB: 30
Found Issue ID in DB: 29
Found Issue ID in DB: 28
Resolved Issue IDs count: 3
Linked Serial Number ID: 15 with Issue ID: 30
Linked Serial Number ID: 15 with Issue ID: 29
Linked Serial Number ID: 15 with Issue ID: 28
Transaction committed.
Connection closed.
--- Executing CreateWithIssuesAsync at 29/06/2026 16:09:21 ---
Input Serial Numbers: CC20260629003
Input Issue Numbers: ISS-00001, ISS-00002, ISS-00003
Inserted Serial Number: CC20260629003 with generated ID: 16
Issue count to search: 3
Added issue param: @issueNo0 = 'ISS-00001'
Added issue param: @issueNo1 = 'ISS-00002'
Added issue param: @issueNo2 = 'ISS-00003'
Executing query: SELECT id FROM issues WHERE number IN (@issueNo0, @issueNo1, @issueNo2)
Found Issue ID in DB: 30
Found Issue ID in DB: 29
Found Issue ID in DB: 28
Resolved Issue IDs count: 3
Linked Serial Number ID: 16 with Issue ID: 30
Linked Serial Number ID: 16 with Issue ID: 29
Linked Serial Number ID: 16 with Issue ID: 28
Transaction committed.
Connection closed.
--- Executing CreateWithIssuesAsync at 29/06/2026 16:09:27 ---
Input Serial Numbers: CC20260629004
Input Issue Numbers: ISS-00001, ISS-00002, ISS-00003
Inserted Serial Number: CC20260629004 with generated ID: 17
Issue count to search: 3
Added issue param: @issueNo0 = 'ISS-00001'
Added issue param: @issueNo1 = 'ISS-00002'
Added issue param: @issueNo2 = 'ISS-00003'
Executing query: SELECT id FROM issues WHERE number IN (@issueNo0, @issueNo1, @issueNo2)
Found Issue ID in DB: 30
Found Issue ID in DB: 29
Found Issue ID in DB: 28
Resolved Issue IDs count: 3
Linked Serial Number ID: 17 with Issue ID: 30
Linked Serial Number ID: 17 with Issue ID: 29
Linked Serial Number ID: 17 with Issue ID: 28
Transaction committed.
Connection closed.
--- Executing CreateWithIssuesAsync at 29/06/2026 16:09:42 ---
Input Serial Numbers: CC20260629005
Input Issue Numbers: ISS-00001, ISS-00002, ISS-00003
Inserted Serial Number: CC20260629005 with generated ID: 18
Issue count to search: 3
Added issue param: @issueNo0 = 'ISS-00001'
Added issue param: @issueNo1 = 'ISS-00002'
Added issue param: @issueNo2 = 'ISS-00003'
Executing query: SELECT id FROM issues WHERE number IN (@issueNo0, @issueNo1, @issueNo2)
Found Issue ID in DB: 30
Found Issue ID in DB: 29
Found Issue ID in DB: 28
Resolved Issue IDs count: 3
Linked Serial Number ID: 18 with Issue ID: 30
Linked Serial Number ID: 18 with Issue ID: 29
Linked Serial Number ID: 18 with Issue ID: 28
Transaction committed.
Connection closed.
--- Executing CreateWithIssuesAsync at 29/06/2026 16:10:54 ---
Input Serial Numbers: CC20260629006
Input Issue Numbers: ISS-00001, ISS-00002, ISS-00003
Inserted Serial Number: CC20260629006 with generated ID: 19
Issue count to search: 3
Added issue param: @issueNo0 = 'ISS-00001'
Added issue param: @issueNo1 = 'ISS-00002'
Added issue param: @issueNo2 = 'ISS-00003'
Executing query: SELECT id FROM issues WHERE number IN (@issueNo0, @issueNo1, @issueNo2)
Found Issue ID in DB: 30
Found Issue ID in DB: 29
Found Issue ID in DB: 28
Resolved Issue IDs count: 3
Linked Serial Number ID: 19 with Issue ID: 30
Linked Serial Number ID: 19 with Issue ID: 29
Linked Serial Number ID: 19 with Issue ID: 28
Transaction committed.
Connection closed.
--- Executing CreateWithIssuesAsync at 29/06/2026 16:12:28 ---
Input Serial Numbers: CC20260629007
Input Issue Numbers: ISS-00001, ISS-00002, ISS-00003
Inserted Serial Number: CC20260629007 with generated ID: 20
Issue count to search: 3
Added issue param: @issueNo0 = 'ISS-00001'
Added issue param: @issueNo1 = 'ISS-00002'
Added issue param: @issueNo2 = 'ISS-00003'
Executing query: SELECT id FROM issues WHERE number IN (@issueNo0, @issueNo1, @issueNo2)
Found Issue ID in DB: 30
Found Issue ID in DB: 29
Found Issue ID in DB: 28
Resolved Issue IDs count: 3
Linked Serial Number ID: 20 with Issue ID: 30
Linked Serial Number ID: 20 with Issue ID: 29
Linked Serial Number ID: 20 with Issue ID: 28
Transaction committed.
Connection closed.
--- Executing CreateWithIssuesAsync at 29/06/2026 16:12:30 ---
Input Serial Numbers: CC20260629008
Input Issue Numbers: ISS-00001, ISS-00002, ISS-00003
Inserted Serial Number: CC20260629008 with generated ID: 21
Issue count to search: 3
Added issue param: @issueNo0 = 'ISS-00001'
Added issue param: @issueNo1 = 'ISS-00002'
Added issue param: @issueNo2 = 'ISS-00003'
Executing query: SELECT id FROM issues WHERE number IN (@issueNo0, @issueNo1, @issueNo2)
Found Issue ID in DB: 30
Found Issue ID in DB: 29
Found Issue ID in DB: 28
Resolved Issue IDs count: 3
Linked Serial Number ID: 21 with Issue ID: 30
Linked Serial Number ID: 21 with Issue ID: 29
Linked Serial Number ID: 21 with Issue ID: 28
Transaction committed.
Connection closed.
--- Executing CreateWithIssuesAsync at 29/06/2026 16:12:38 ---
Input Serial Numbers: CC20260629009
Input Issue Numbers: ISS-00001, ISS-00002, ISS-00003
Inserted Serial Number: CC20260629009 with generated ID: 22
Issue count to search: 3
Added issue param: @issueNo0 = 'ISS-00001'
Added issue param: @issueNo1 = 'ISS-00002'
Added issue param: @issueNo2 = 'ISS-00003'
Executing query: SELECT id FROM issues WHERE number IN (@issueNo0, @issueNo1, @issueNo2)
Found Issue ID in DB: 30
Found Issue ID in DB: 29
Found Issue ID in DB: 28
Resolved Issue IDs count: 3
Linked Serial Number ID: 22 with Issue ID: 30
Linked Serial Number ID: 22 with Issue ID: 29
Linked Serial Number ID: 22 with Issue ID: 28
Transaction committed.
Connection closed.
--- Executing CreateWithIssuesAsync at 29/06/2026 16:12:39 ---
Input Serial Numbers: CC20260629010
Input Issue Numbers: ISS-00001, ISS-00002, ISS-00003
Inserted Serial Number: CC20260629010 with generated ID: 23
Issue count to search: 3
Added issue param: @issueNo0 = 'ISS-00001'
Added issue param: @issueNo1 = 'ISS-00002'
Added issue param: @issueNo2 = 'ISS-00003'
Executing query: SELECT id FROM issues WHERE number IN (@issueNo0, @issueNo1, @issueNo2)
Found Issue ID in DB: 30
Found Issue ID in DB: 29
Found Issue ID in DB: 28
Resolved Issue IDs count: 3
Linked Serial Number ID: 23 with Issue ID: 30
Linked Serial Number ID: 23 with Issue ID: 29
Linked Serial Number ID: 23 with Issue ID: 28
Transaction committed.
Connection closed.
--- Executing CreateWithIssuesAsync at 29/06/2026 16:12:39 ---
Input Serial Numbers: CC20260629011
Input Issue Numbers: ISS-00001, ISS-00002, ISS-00003
Inserted Serial Number: CC20260629011 with generated ID: 24
Issue count to search: 3
Added issue param: @issueNo0 = 'ISS-00001'
Added issue param: @issueNo1 = 'ISS-00002'
Added issue param: @issueNo2 = 'ISS-00003'
Executing query: SELECT id FROM issues WHERE number IN (@issueNo0, @issueNo1, @issueNo2)
Found Issue ID in DB: 30
Found Issue ID in DB: 29
Found Issue ID in DB: 28
Resolved Issue IDs count: 3
Linked Serial Number ID: 24 with Issue ID: 30
Linked Serial Number ID: 24 with Issue ID: 29
Linked Serial Number ID: 24 with Issue ID: 28
Transaction committed.
Connection closed.
--- Executing CreateWithIssuesAsync at 29/06/2026 16:12:40 ---
Input Serial Numbers: CC20260629012
Input Issue Numbers: ISS-00001, ISS-00002, ISS-00003
Inserted Serial Number: CC20260629012 with generated ID: 25
Issue count to search: 3
Added issue param: @issueNo0 = 'ISS-00001'
Added issue param: @issueNo1 = 'ISS-00002'
Added issue param: @issueNo2 = 'ISS-00003'
Executing query: SELECT id FROM issues WHERE number IN (@issueNo0, @issueNo1, @issueNo2)
Found Issue ID in DB: 30
Found Issue ID in DB: 29
Found Issue ID in DB: 28
Resolved Issue IDs count: 3
Linked Serial Number ID: 25 with Issue ID: 30
Linked Serial Number ID: 25 with Issue ID: 29
Linked Serial Number ID: 25 with Issue ID: 28
Transaction committed.
Connection closed.
--- Executing CreateWithIssuesAsync at 29/06/2026 16:12:40 ---
Input Serial Numbers: CC20260629013
Input Issue Numbers: ISS-00001, ISS-00002, ISS-00003
Inserted Serial Number: CC20260629013 with generated ID: 26
Issue count to search: 3
Added issue param: @issueNo0 = 'ISS-00001'
Added issue param: @issueNo1 = 'ISS-00002'
Added issue param: @issueNo2 = 'ISS-00003'
Executing query: SELECT id FROM issues WHERE number IN (@issueNo0, @issueNo1, @issueNo2)
Found Issue ID in DB: 30
Found Issue ID in DB: 29
Found Issue ID in DB: 28
Resolved Issue IDs count: 3
Linked Serial Number ID: 26 with Issue ID: 30
Linked Serial Number ID: 26 with Issue ID: 29
Linked Serial Number ID: 26 with Issue ID: 28
Transaction committed.
Connection closed.
--- Executing CreateWithIssuesAsync at 29/06/2026 16:12:41 ---
Input Serial Numbers: CC20260629014
Input Issue Numbers: ISS-00001, ISS-00002, ISS-00003
Inserted Serial Number: CC20260629014 with generated ID: 27
Issue count to search: 3
Added issue param: @issueNo0 = 'ISS-00001'
Added issue param: @issueNo1 = 'ISS-00002'
Added issue param: @issueNo2 = 'ISS-00003'
Executing query: SELECT id FROM issues WHERE number IN (@issueNo0, @issueNo1, @issueNo2)
Found Issue ID in DB: 30
Found Issue ID in DB: 29
Found Issue ID in DB: 28
Resolved Issue IDs count: 3
Linked Serial Number ID: 27 with Issue ID: 30
Linked Serial Number ID: 27 with Issue ID: 29
Linked Serial Number ID: 27 with Issue ID: 28
Transaction committed.
Connection closed.
--- Executing CreateWithIssuesAsync at 29/06/2026 16:12:41 ---
Input Serial Numbers: CC20260629015
Input Issue Numbers: ISS-00001, ISS-00002, ISS-00003
Inserted Serial Number: CC20260629015 with generated ID: 28
Issue count to search: 3
Added issue param: @issueNo0 = 'ISS-00001'
Added issue param: @issueNo1 = 'ISS-00002'
Added issue param: @issueNo2 = 'ISS-00003'
Executing query: SELECT id FROM issues WHERE number IN (@issueNo0, @issueNo1, @issueNo2)
Found Issue ID in DB: 30
Found Issue ID in DB: 29
Found Issue ID in DB: 28
Resolved Issue IDs count: 3
Linked Serial Number ID: 28 with Issue ID: 30
Linked Serial Number ID: 28 with Issue ID: 29
Linked Serial Number ID: 28 with Issue ID: 28
Transaction committed.
Connection closed.
--- Executing CreateWithIssuesAsync at 29/06/2026 16:12:42 ---
Input Serial Numbers: CC20260629016
Input Issue Numbers: ISS-00001, ISS-00002, ISS-00003
Inserted Serial Number: CC20260629016 with generated ID: 29
Issue count to search: 3
Added issue param: @issueNo0 = 'ISS-00001'
Added issue param: @issueNo1 = 'ISS-00002'
Added issue param: @issueNo2 = 'ISS-00003'
Executing query: SELECT id FROM issues WHERE number IN (@issueNo0, @issueNo1, @issueNo2)
Found Issue ID in DB: 30
Found Issue ID in DB: 29
Found Issue ID in DB: 28
Resolved Issue IDs count: 3
Linked Serial Number ID: 29 with Issue ID: 30
Linked Serial Number ID: 29 with Issue ID: 29
Linked Serial Number ID: 29 with Issue ID: 28
Transaction committed.
Connection closed.
--- Executing CreateWithIssuesAsync at 29/06/2026 16:21:38 ---
Input Serial Numbers: CC20260629017
Input Issue Numbers: ISS-00001, ISS-00002, ISS-00003
Inserted Serial Number: CC20260629017 with generated ID: 30
Issue count to search: 3
Added issue param: @issueNo0 = 'ISS-00001'
Added issue param: @issueNo1 = 'ISS-00002'
Added issue param: @issueNo2 = 'ISS-00003'
Executing query: SELECT id FROM issues WHERE number IN (@issueNo0, @issueNo1, @issueNo2)
Found Issue ID in DB: 30
Found Issue ID in DB: 29
Found Issue ID in DB: 28
Resolved Issue IDs count: 3
Linked Serial Number ID: 30 with Issue ID: 30
Linked Serial Number ID: 30 with Issue ID: 29
Linked Serial Number ID: 30 with Issue ID: 28
Transaction committed.
Connection closed.
--- Executing CreateWithIssuesAsync at 29/06/2026 16:23:43 ---
Input Serial Numbers: CC20260629018
Input Issue Numbers: ISS-00001, ISS-00002, ISS-00003
Inserted Serial Number: CC20260629018 with generated ID: 31
Issue count to search: 3
Added issue param: @issueNo0 = 'ISS-00001'
Added issue param: @issueNo1 = 'ISS-00002'
Added issue param: @issueNo2 = 'ISS-00003'
Executing query: SELECT id FROM issues WHERE number IN (@issueNo0, @issueNo1, @issueNo2)
Found Issue ID in DB: 30
Found Issue ID in DB: 29
Found Issue ID in DB: 28
Resolved Issue IDs count: 3
Linked Serial Number ID: 31 with Issue ID: 30
Linked Serial Number ID: 31 with Issue ID: 29
Linked Serial Number ID: 31 with Issue ID: 28
Transaction committed.
Connection closed.
--- Executing CreateWithIssuesAsync at 29/06/2026 16:24:44 ---
Input Serial Numbers: CC20260629019
Input Issue Numbers: ISS-00001, ISS-00002, ISS-00003
Inserted Serial Number: CC20260629019 with generated ID: 32
Issue count to search: 3
Added issue param: @issueNo0 = 'ISS-00001'
Added issue param: @issueNo1 = 'ISS-00002'
Added issue param: @issueNo2 = 'ISS-00003'
Executing query: SELECT id FROM issues WHERE number IN (@issueNo0, @issueNo1, @issueNo2)
Found Issue ID in DB: 30
Found Issue ID in DB: 29
Found Issue ID in DB: 28
Resolved Issue IDs count: 3
Linked Serial Number ID: 32 with Issue ID: 30
Linked Serial Number ID: 32 with Issue ID: 29
Linked Serial Number ID: 32 with Issue ID: 28
Transaction committed.
Connection closed.
--- Executing CreateWithIssuesAsync at 29/06/2026 16:26:26 ---
Input Serial Numbers: CC20260629020
Input Issue Numbers: ISS-00001, ISS-00002, ISS-00003
Inserted Serial Number: CC20260629020 with generated ID: 33
Issue count to search: 3
Added issue param: @issueNo0 = 'ISS-00001'
Added issue param: @issueNo1 = 'ISS-00002'
Added issue param: @issueNo2 = 'ISS-00003'
Executing query: SELECT id FROM issues WHERE number IN (@issueNo0, @issueNo1, @issueNo2)
Found Issue ID in DB: 30
Found Issue ID in DB: 29
Found Issue ID in DB: 28
Resolved Issue IDs count: 3
Linked Serial Number ID: 33 with Issue ID: 30
Linked Serial Number ID: 33 with Issue ID: 29
Linked Serial Number ID: 33 with Issue ID: 28
Transaction committed.
Connection closed.
--- Executing CreateWithIssuesAsync at 29/06/2026 16:26:36 ---
Input Serial Numbers: CC20260629021
Input Issue Numbers: ISS-00001, ISS-00002, ISS-00003
Inserted Serial Number: CC20260629021 with generated ID: 34
Issue count to search: 3
Added issue param: @issueNo0 = 'ISS-00001'
Added issue param: @issueNo1 = 'ISS-00002'
Added issue param: @issueNo2 = 'ISS-00003'
Executing query: SELECT id FROM issues WHERE number IN (@issueNo0, @issueNo1, @issueNo2)
Found Issue ID in DB: 30
Found Issue ID in DB: 29
Found Issue ID in DB: 28
Resolved Issue IDs count: 3
Linked Serial Number ID: 34 with Issue ID: 30
Linked Serial Number ID: 34 with Issue ID: 29
Linked Serial Number ID: 34 with Issue ID: 28
Transaction committed.
Connection closed.
--- Executing CreateWithIssuesAsync at 29/06/2026 16:27:08 ---
Input Serial Numbers: CC20260629022
Input Issue Numbers: ISS-00001, ISS-00002, ISS-00003
Inserted Serial Number: CC20260629022 with generated ID: 35
Issue count to search: 3
Added issue param: @issueNo0 = 'ISS-00001'
Added issue param: @issueNo1 = 'ISS-00002'
Added issue param: @issueNo2 = 'ISS-00003'
Executing query: SELECT id FROM issues WHERE number IN (@issueNo0, @issueNo1, @issueNo2)
Found Issue ID in DB: 30
Found Issue ID in DB: 29
Found Issue ID in DB: 28
Resolved Issue IDs count: 3
Linked Serial Number ID: 35 with Issue ID: 30
Linked Serial Number ID: 35 with Issue ID: 29
Linked Serial Number ID: 35 with Issue ID: 28
Transaction committed.
Connection closed.
--- Executing CreateWithIssuesAsync at 29/06/2026 16:27:46 ---
Input Serial Numbers: CC20260629023
Input Issue Numbers: ISS-00001, ISS-00002, ISS-00003
Inserted Serial Number: CC20260629023 with generated ID: 36
Issue count to search: 3
Added issue param: @issueNo0 = 'ISS-00001'
Added issue param: @issueNo1 = 'ISS-00002'
Added issue param: @issueNo2 = 'ISS-00003'
Executing query: SELECT id FROM issues WHERE number IN (@issueNo0, @issueNo1, @issueNo2)
Found Issue ID in DB: 30
Found Issue ID in DB: 29
Found Issue ID in DB: 28
Resolved Issue IDs count: 3
Linked Serial Number ID: 36 with Issue ID: 30
Linked Serial Number ID: 36 with Issue ID: 29
Linked Serial Number ID: 36 with Issue ID: 28
Transaction committed.
Connection closed.
--- Executing CreateWithIssuesAsync at 29/06/2026 16:38:41 ---
Input Serial Numbers: CC20260629024
Input Issue Numbers: ISS-00001, ISS-00002, ISS-00003
Inserted Serial Number: CC20260629024 with generated ID: 37
Issue count to search: 3
Added issue param: @issueNo0 = 'ISS-00001'
Added issue param: @issueNo1 = 'ISS-00002'
Added issue param: @issueNo2 = 'ISS-00003'
Executing query: SELECT id FROM issues WHERE number IN (@issueNo0, @issueNo1, @issueNo2)
Found Issue ID in DB: 30
Found Issue ID in DB: 29
Found Issue ID in DB: 28
Resolved Issue IDs count: 3
Linked Serial Number ID: 37 with Issue ID: 30
Linked Serial Number ID: 37 with Issue ID: 29
Linked Serial Number ID: 37 with Issue ID: 28
Transaction committed.
Connection closed.
--- Executing CreateWithIssuesAsync at 29/06/2026 17:45:48 ---
Input Serial Numbers: CC20260629025
Input Issue Numbers: ISS-00001, ISS-00002, ISS-00003
Inserted Serial Number: CC20260629025 with generated ID: 38
Issue count to search: 3
Added issue param: @issueNo0 = 'ISS-00001'
Added issue param: @issueNo1 = 'ISS-00002'
Added issue param: @issueNo2 = 'ISS-00003'
Executing query: SELECT id FROM issues WHERE number IN (@issueNo0, @issueNo1, @issueNo2)
Found Issue ID in DB: 30
Found Issue ID in DB: 29
Found Issue ID in DB: 28
Resolved Issue IDs count: 3
Linked Serial Number ID: 38 with Issue ID: 30
Linked Serial Number ID: 38 with Issue ID: 29
Linked Serial Number ID: 38 with Issue ID: 28
Transaction committed.
Connection closed.
--- Executing CreateWithIssuesAsync at 29/06/2026 17:46:04 ---
Input Serial Numbers: CC20260629026
Input Issue Numbers: ISS-00001, ISS-00002, ISS-00003
Inserted Serial Number: CC20260629026 with generated ID: 39
Issue count to search: 3
Added issue param: @issueNo0 = 'ISS-00001'
Added issue param: @issueNo1 = 'ISS-00002'
Added issue param: @issueNo2 = 'ISS-00003'
Executing query: SELECT id FROM issues WHERE number IN (@issueNo0, @issueNo1, @issueNo2)
Found Issue ID in DB: 30
Found Issue ID in DB: 29
Found Issue ID in DB: 28
Resolved Issue IDs count: 3
Linked Serial Number ID: 39 with Issue ID: 30
Linked Serial Number ID: 39 with Issue ID: 29
Linked Serial Number ID: 39 with Issue ID: 28
Transaction committed.
Connection closed.
--- Executing CreateWithIssuesAsync at 29/06/2026 17:46:24 ---
Input Serial Numbers: CC20260629001
Input Issue Numbers: ISS-00001, ISS-00002, ISS-00003
Inserted Serial Number: CC20260629001 with generated ID: 40
Issue count to search: 3
Added issue param: @issueNo0 = 'ISS-00001'
Added issue param: @issueNo1 = 'ISS-00002'
Added issue param: @issueNo2 = 'ISS-00003'
Executing query: SELECT id FROM issues WHERE number IN (@issueNo0, @issueNo1, @issueNo2)
Found Issue ID in DB: 30
Found Issue ID in DB: 29
Found Issue ID in DB: 28
Resolved Issue IDs count: 3
Linked Serial Number ID: 40 with Issue ID: 30
Linked Serial Number ID: 40 with Issue ID: 29
Linked Serial Number ID: 40 with Issue ID: 28
Transaction committed.
Connection closed.
--- Executing CreateWithIssuesAsync at 29/06/2026 17:53:51 ---
Input Serial Numbers: CC20260629002
Input Issue Numbers: ISS-00001, ISS-00002, ISS-00003
Inserted Serial Number: CC20260629002 with generated ID: 42
Issue count to search: 3
Added issue param: @issueNo0 = 'ISS-00001'
Added issue param: @issueNo1 = 'ISS-00002'
Added issue param: @issueNo2 = 'ISS-00003'
Executing query: SELECT id FROM issues WHERE number IN (@issueNo0, @issueNo1, @issueNo2)
Found Issue ID in DB: 30
Found Issue ID in DB: 29
Found Issue ID in DB: 28
Resolved Issue IDs count: 3
Linked Serial Number ID: 42 with Issue ID: 30
Linked Serial Number ID: 42 with Issue ID: 29
Linked Serial Number ID: 42 with Issue ID: 28
Transaction committed.
Connection closed.
--- Executing CreateWithIssuesAsync at 29/06/2026 17:55:01 ---
Input Serial Numbers: CC20260629001
Input Issue Numbers: ISS-00001, ISS-00002, ISS-00003
Inserted Serial Number: CC20260629001 with generated ID: 43
Issue count to search: 3
Added issue param: @issueNo0 = 'ISS-00001'
Added issue param: @issueNo1 = 'ISS-00002'
Added issue param: @issueNo2 = 'ISS-00003'
Executing query: SELECT id FROM issues WHERE number IN (@issueNo0, @issueNo1, @issueNo2)
Found Issue ID in DB: 30
Found Issue ID in DB: 29
Found Issue ID in DB: 28
Resolved Issue IDs count: 3
Linked Serial Number ID: 43 with Issue ID: 30
Linked Serial Number ID: 43 with Issue ID: 29
Linked Serial Number ID: 43 with Issue ID: 28
Transaction committed.
Connection closed.
--- Executing CreateWithIssuesAsync at 29/06/2026 18:18:32 ---
Input Serial Numbers: CC20260629001
Input Issue Numbers: ISS-00001, ISS-00002, ISS-00003
Inserted Serial Number: CC20260629001 with generated ID: 47
Issue count to search: 3
Added issue param: @issueNo0 = 'ISS-00001'
Added issue param: @issueNo1 = 'ISS-00002'
Added issue param: @issueNo2 = 'ISS-00003'
Executing query: SELECT id FROM issues WHERE number IN (@issueNo0, @issueNo1, @issueNo2)
Found Issue ID in DB: 30
Found Issue ID in DB: 29
Found Issue ID in DB: 28
Resolved Issue IDs count: 3
Linked Serial Number ID: 47 with Issue ID: 30
Linked Serial Number ID: 47 with Issue ID: 29
Linked Serial Number ID: 47 with Issue ID: 28
Transaction committed.
Connection closed.
--- Executing CreateWithIssuesAsync at 30/06/2026 09:03:50 ---
Input Serial Numbers: CC20260630001
Input Issue Numbers: ISS-00001, ISS-00002, ISS-00003
Inserted Serial Number: CC20260630001 with generated ID: 49
Issue count to search: 3
Added issue param: @issueNo0 = 'ISS-00001'
Added issue param: @issueNo1 = 'ISS-00002'
Added issue param: @issueNo2 = 'ISS-00003'
Executing query: SELECT id FROM issues WHERE number IN (@issueNo0, @issueNo1, @issueNo2)
Found Issue ID in DB: 30
Found Issue ID in DB: 29
Found Issue ID in DB: 28
Resolved Issue IDs count: 3
Linked Serial Number ID: 49 with Issue ID: 30
Linked Serial Number ID: 49 with Issue ID: 29
Linked Serial Number ID: 49 with Issue ID: 28
Transaction committed.
Connection closed.
--- Executing CreateWithIssuesAsync at 30/06/2026 10:05:57 ---
Input Serial Numbers: CC20260630001
Input Issue Numbers: ISS-00001, ISS-00002, ISS-00003
Inserted Serial Number: CC20260630001 with generated ID: 50
Issue count to search: 3
Added issue param: @issueNo0 = 'ISS-00001'
Added issue param: @issueNo1 = 'ISS-00002'
Added issue param: @issueNo2 = 'ISS-00003'
Executing query: SELECT id FROM issues WHERE number IN (@issueNo0, @issueNo1, @issueNo2)
Found Issue ID in DB: 30
Found Issue ID in DB: 29
Found Issue ID in DB: 28
Resolved Issue IDs count: 3
Linked Serial Number ID: 50 with Issue ID: 30
Linked Serial Number ID: 50 with Issue ID: 29
Linked Serial Number ID: 50 with Issue ID: 28
Transaction committed.
Connection closed.
--- Executing CreateWithIssuesAsync at 30/06/2026 10:43:44 ---
Input Serial Numbers: CC20260630001
Input Issue Numbers: ISS-00001, ISS-00002, ISS-00003
Inserted Serial Number: CC20260630001 with generated ID: 51
Issue count to search: 3
Added issue param: @issueNo0 = 'ISS-00001'
Added issue param: @issueNo1 = 'ISS-00002'
Added issue param: @issueNo2 = 'ISS-00003'
Executing query: SELECT id FROM issues WHERE number IN (@issueNo0, @issueNo1, @issueNo2)
Found Issue ID in DB: 30
Found Issue ID in DB: 29
Found Issue ID in DB: 28
Resolved Issue IDs count: 3
Linked Serial Number ID: 51 with Issue ID: 30
Linked Serial Number ID: 51 with Issue ID: 29
Linked Serial Number ID: 51 with Issue ID: 28
Transaction committed.
Connection closed.
--- Executing CreateWithIssuesAsync at 30/06/2026 10:49:50 ---
Input Serial Numbers: CC20260630002
Input Issue Numbers: ISS-00001, ISS-00002, ISS-00003
Inserted Serial Number: CC20260630002 with generated ID: 52
Issue count to search: 3
Added issue param: @issueNo0 = 'ISS-00001'
Added issue param: @issueNo1 = 'ISS-00002'
Added issue param: @issueNo2 = 'ISS-00003'
Executing query: SELECT id FROM issues WHERE number IN (@issueNo0, @issueNo1, @issueNo2)
Found Issue ID in DB: 30
Found Issue ID in DB: 29
Found Issue ID in DB: 28
Resolved Issue IDs count: 3
Linked Serial Number ID: 52 with Issue ID: 30
Linked Serial Number ID: 52 with Issue ID: 29
Linked Serial Number ID: 52 with Issue ID: 28
Transaction committed.
Connection closed.
--- Executing CreateWithIssuesAsync at 30/06/2026 10:50:38 ---
Input Serial Numbers: CC20260630001
Input Issue Numbers: ISS-00001, ISS-00002, ISS-00003
Inserted Serial Number: CC20260630001 with generated ID: 53
Issue count to search: 3
Added issue param: @issueNo0 = 'ISS-00001'
Added issue param: @issueNo1 = 'ISS-00002'
Added issue param: @issueNo2 = 'ISS-00003'
Executing query: SELECT id FROM issues WHERE number IN (@issueNo0, @issueNo1, @issueNo2)
Found Issue ID in DB: 30
Found Issue ID in DB: 29
Found Issue ID in DB: 28
Resolved Issue IDs count: 3
Linked Serial Number ID: 53 with Issue ID: 30
Linked Serial Number ID: 53 with Issue ID: 29
Linked Serial Number ID: 53 with Issue ID: 28
Transaction committed.
Connection closed.
--- Executing CreateWithIssuesAsync at 30/06/2026 11:29:57 ---
Input Serial Numbers: CC20260630002
Input Issue Numbers: ISS-00001, ISS-00002, ISS-00003
Inserted Serial Number: CC20260630002 with generated ID: 57
Issue count to search: 3
Added issue param: @issueNo0 = 'ISS-00001'
Added issue param: @issueNo1 = 'ISS-00002'
Added issue param: @issueNo2 = 'ISS-00003'
Executing query: SELECT id FROM issues WHERE number IN (@issueNo0, @issueNo1, @issueNo2)
Found Issue ID in DB: 30
Found Issue ID in DB: 29
Found Issue ID in DB: 28
Resolved Issue IDs count: 3
Linked Serial Number ID: 57 with Issue ID: 30
Linked Serial Number ID: 57 with Issue ID: 29
Linked Serial Number ID: 57 with Issue ID: 28
Transaction committed.
Connection closed.
--- Executing CreateWithIssuesAsync at 30/06/2026 11:30:36 ---
Input Serial Numbers: CC20260630001
Input Issue Numbers: ISS-00001, ISS-00002, ISS-00003
Inserted Serial Number: CC20260630001 with generated ID: 58
Issue count to search: 3
Added issue param: @issueNo0 = 'ISS-00001'
Added issue param: @issueNo1 = 'ISS-00002'
Added issue param: @issueNo2 = 'ISS-00003'
Executing query: SELECT id FROM issues WHERE number IN (@issueNo0, @issueNo1, @issueNo2)
Found Issue ID in DB: 30
Found Issue ID in DB: 29
Found Issue ID in DB: 28
Resolved Issue IDs count: 3
Linked Serial Number ID: 58 with Issue ID: 30
Linked Serial Number ID: 58 with Issue ID: 29
Linked Serial Number ID: 58 with Issue ID: 28
Transaction committed.
Connection closed.
--- Executing CreateWithIssuesAsync at 30/06/2026 11:32:56 ---
Input Serial Numbers: CC20260630001
Input Issue Numbers: ISS-00001, ISS-00002, ISS-00003
Inserted Serial Number: CC20260630001 with generated ID: 60
Issue count to search: 3
Added issue param: @issueNo0 = 'ISS-00001'
Added issue param: @issueNo1 = 'ISS-00002'
Added issue param: @issueNo2 = 'ISS-00003'
Executing query: SELECT id FROM issues WHERE number IN (@issueNo0, @issueNo1, @issueNo2)
Found Issue ID in DB: 30
Found Issue ID in DB: 29
Found Issue ID in DB: 28
Resolved Issue IDs count: 3
Linked Serial Number ID: 60 with Issue ID: 30
Linked Serial Number ID: 60 with Issue ID: 29
Linked Serial Number ID: 60 with Issue ID: 28
Transaction committed.
Connection closed.
--- Executing CreateWithIssuesAsync at 30/06/2026 13:08:07 ---
Input Serial Numbers: CC20260630001
Input Issue Numbers: ISS-00001, ISS-00002, ISS-00003
Inserted Serial Number: CC20260630001 with generated ID: 63
Issue count to search: 3
Added issue param: @issueNo0 = 'ISS-00001'
Added issue param: @issueNo1 = 'ISS-00002'
Added issue param: @issueNo2 = 'ISS-00003'
Executing query: SELECT id FROM issues WHERE number IN (@issueNo0, @issueNo1, @issueNo2)
Found Issue ID in DB: 30
Found Issue ID in DB: 29
Found Issue ID in DB: 28
Resolved Issue IDs count: 3
Linked Serial Number ID: 63 with Issue ID: 30
Linked Serial Number ID: 63 with Issue ID: 29
Linked Serial Number ID: 63 with Issue ID: 28
Transaction committed.
Connection closed.
--- Executing CreateWithIssuesAsync at 30/06/2026 13:15:13 ---
Input Serial Numbers: CC20260630001
Input Issue Numbers: ISS-00001, ISS-00002, ISS-00003
Inserted Serial Number: CC20260630001 with generated ID: 65
Issue count to search: 3
Added issue param: @issueNo0 = 'ISS-00001'
Added issue param: @issueNo1 = 'ISS-00002'
Added issue param: @issueNo2 = 'ISS-00003'
Executing query: SELECT id FROM issues WHERE number IN (@issueNo0, @issueNo1, @issueNo2)
Found Issue ID in DB: 30
Found Issue ID in DB: 29
Found Issue ID in DB: 28
Resolved Issue IDs count: 3
Linked Serial Number ID: 65 with Issue ID: 30
Linked Serial Number ID: 65 with Issue ID: 29
Linked Serial Number ID: 65 with Issue ID: 28
Transaction committed.
Connection closed.
--- Executing CreateWithIssuesAsync at 30/06/2026 13:28:50 ---
Input Serial Numbers: CC20260630001
Input Issue Numbers: ISS-00001, ISS-00002, ISS-00003
Inserted Serial Number: CC20260630001 with generated ID: 67
Issue count to search: 3
Added issue param: @issueNo0 = 'ISS-00001'
Added issue param: @issueNo1 = 'ISS-00002'
Added issue param: @issueNo2 = 'ISS-00003'
Executing query: SELECT id FROM issues WHERE number IN (@issueNo0, @issueNo1, @issueNo2)
Found Issue ID in DB: 30
Found Issue ID in DB: 29
Found Issue ID in DB: 28
Resolved Issue IDs count: 3
Linked Serial Number ID: 67 with Issue ID: 30
Linked Serial Number ID: 67 with Issue ID: 29
Linked Serial Number ID: 67 with Issue ID: 28
Transaction committed.
Connection closed.
--- Executing CreateWithIssuesAsync at 30/06/2026 13:44:48 ---
Input Serial Numbers: CC20260630001
Input Issue Numbers: ISS-00001, ISS-00002, ISS-00003
Inserted Serial Number: CC20260630001 with generated ID: 69
Issue count to search: 3
Added issue param: @issueNo0 = 'ISS-00001'
Added issue param: @issueNo1 = 'ISS-00002'
Added issue param: @issueNo2 = 'ISS-00003'
Executing query: SELECT id FROM issues WHERE number IN (@issueNo0, @issueNo1, @issueNo2)
Found Issue ID in DB: 30
Found Issue ID in DB: 29
Found Issue ID in DB: 28
Resolved Issue IDs count: 3
Linked Serial Number ID: 69 with Issue ID: 30
Linked Serial Number ID: 69 with Issue ID: 29
Linked Serial Number ID: 69 with Issue ID: 28
Transaction committed.
Connection closed.
--- Executing CreateWithIssuesAsync at 30/06/2026 13:54:11 ---
Input Serial Numbers: CC20260630001
Input Issue Numbers: ISS-00001, ISS-00002, ISS-00003
Inserted Serial Number: CC20260630001 with generated ID: 71
Issue count to search: 3
Added issue param: @issueNo0 = 'ISS-00001'
Added issue param: @issueNo1 = 'ISS-00002'
Added issue param: @issueNo2 = 'ISS-00003'
Executing query: SELECT id FROM issues WHERE number IN (@issueNo0, @issueNo1, @issueNo2)
Found Issue ID in DB: 30
Found Issue ID in DB: 29
Found Issue ID in DB: 28
Resolved Issue IDs count: 3
Linked Serial Number ID: 71 with Issue ID: 30
Linked Serial Number ID: 71 with Issue ID: 29
Linked Serial Number ID: 71 with Issue ID: 28
Transaction committed.
Connection closed.
--- Executing CreateWithIssuesAsync at 30/06/2026 14:55:22 ---
Input Serial Numbers: CC20260630001
Input Issue Numbers: ISS-00001, ISS-00002, ISS-00003
Inserted Serial Number: CC20260630001 with generated ID: 73
Issue count to search: 3
Added issue param: @issueNo0 = 'ISS-00001'
Added issue param: @issueNo1 = 'ISS-00002'
Added issue param: @issueNo2 = 'ISS-00003'
Executing query: SELECT id FROM issues WHERE number IN (@issueNo0, @issueNo1, @issueNo2)
Found Issue ID in DB: 30
Found Issue ID in DB: 29
Found Issue ID in DB: 28
Resolved Issue IDs count: 3
Linked Serial Number ID: 73 with Issue ID: 30
Linked Serial Number ID: 73 with Issue ID: 29
Linked Serial Number ID: 73 with Issue ID: 28
Transaction committed.
Connection closed.
--- Executing CreateWithIssuesAsync at 30/06/2026 15:10:22 ---
Input Serial Numbers: CC20260630001
Input Issue Numbers: ISS-00001, ISS-00002, ISS-00003
Inserted Serial Number: CC20260630001 with generated ID: 75
Issue count to search: 3
Added issue param: @issueNo0 = 'ISS-00001'
Added issue param: @issueNo1 = 'ISS-00002'
Added issue param: @issueNo2 = 'ISS-00003'
Executing query: SELECT id FROM issues WHERE number IN (@issueNo0, @issueNo1, @issueNo2)
Found Issue ID in DB: 30
Found Issue ID in DB: 29
Found Issue ID in DB: 28
Resolved Issue IDs count: 3
Linked Serial Number ID: 75 with Issue ID: 30
Linked Serial Number ID: 75 with Issue ID: 29
Linked Serial Number ID: 75 with Issue ID: 28
Transaction committed.
Connection closed.
--- Executing CreateWithIssuesAsync at 30/06/2026 15:38:54 ---
Input Serial Numbers: CC20260630002
Input Issue Numbers: ISS-00001, ISS-00002, ISS-00003
Inserted Serial Number: CC20260630002 with generated ID: 77
Issue count to search: 3
Added issue param: @issueNo0 = 'ISS-00001'
Added issue param: @issueNo1 = 'ISS-00002'
Added issue param: @issueNo2 = 'ISS-00003'
Executing query: SELECT id FROM issues WHERE number IN (@issueNo0, @issueNo1, @issueNo2)
Found Issue ID in DB: 30
Found Issue ID in DB: 29
Found Issue ID in DB: 28
Resolved Issue IDs count: 3
Linked Serial Number ID: 77 with Issue ID: 30
Linked Serial Number ID: 77 with Issue ID: 29
Linked Serial Number ID: 77 with Issue ID: 28
Transaction committed.
Connection closed.
--- Executing CreateWithIssuesAsync at 30/06/2026 15:39:48 ---
Input Serial Numbers: CC20260630003
Input Issue Numbers: ISS-00001, ISS-00002, ISS-00003
Inserted Serial Number: CC20260630003 with generated ID: 79
Issue count to search: 3
Added issue param: @issueNo0 = 'ISS-00001'
Added issue param: @issueNo1 = 'ISS-00002'
Added issue param: @issueNo2 = 'ISS-00003'
Executing query: SELECT id FROM issues WHERE number IN (@issueNo0, @issueNo1, @issueNo2)
Found Issue ID in DB: 30
Found Issue ID in DB: 29
Found Issue ID in DB: 28
Resolved Issue IDs count: 3
Linked Serial Number ID: 79 with Issue ID: 30
Linked Serial Number ID: 79 with Issue ID: 29
Linked Serial Number ID: 79 with Issue ID: 28
Transaction committed.
Connection closed.
--- Executing CreateWithIssuesAsync at 30/06/2026 15:42:36 ---
Input Serial Numbers: CC20260630004
Input Issue Numbers: ISS-00001, ISS-00002, ISS-00003
Inserted Serial Number: CC20260630004 with generated ID: 81
Issue count to search: 3
Added issue param: @issueNo0 = 'ISS-00001'
Added issue param: @issueNo1 = 'ISS-00002'
Added issue param: @issueNo2 = 'ISS-00003'
Executing query: SELECT id FROM issues WHERE number IN (@issueNo0, @issueNo1, @issueNo2)
Found Issue ID in DB: 30
Found Issue ID in DB: 29
Found Issue ID in DB: 28
Resolved Issue IDs count: 3
Linked Serial Number ID: 81 with Issue ID: 30
Linked Serial Number ID: 81 with Issue ID: 29
Linked Serial Number ID: 81 with Issue ID: 28
Transaction committed.
Connection closed.
